Welcome to Cloud Shell! Type "help" to get started.
Your Cloud Platform project in this session is set to oct12deployment.
Use “gcloud config set project [PROJECT_ID]” to change to a different project.
rob_gautham@cloudshell:~ (oct12deployment)$ ll
total 64
drwxr-xr-x 10 rob_gautham rob_gautham 4096 Oct 12 12:18 ./
drwxr-xr-x  4 root        root        4096 Jul 20 03:43 ../
-rw-------  1 rob_gautham rob_gautham  500 Oct 12 12:18 .bash_history
-rw-r--r--  1 rob_gautham rob_gautham  220 Jan  1  1970 .bash_logout
-rw-r--r--  1 rob_gautham rob_gautham 3564 Jul 12 07:16 .bashrc
drwxr-xr-x  3 rob_gautham rob_gautham 4096 Oct 12 12:13 .cache/
drwxr-xr-x  3 rob_gautham rob_gautham 4096 Jul 12 07:05 .config/
drwxr-xr-x  7 rob_gautham rob_gautham 4096 Jul 20 04:26 cricboard/
drwxr-xr-x  2 rob_gautham rob_gautham 4096 Oct 12 11:42 .docker/
drwxr-xr-x  5 rob_gautham rob_gautham 4096 Oct 12 12:18 MSWT/
drwxr-xr-x  4 rob_gautham rob_gautham 4096 Jul 20 03:44 .npm/
-rw-r--r--  1 rob_gautham rob_gautham  807 Jan  1  1970 .profile
-rw-r--r--  1 rob_gautham rob_gautham  913 Oct 12 17:10 README-cloudshell.txt
drwxr-xr-x  2 rob_gautham rob_gautham 4096 Oct 12 12:13 .redhat/
drwxr-xr-x  7 rob_gautham rob_gautham 4096 Oct 12 12:13 .theia/
-rw-------  1 rob_gautham rob_gautham 1669 Jul 20 04:24 .viminfo
rob_gautham@cloudshell:~ (oct12deployment)$ ls
cricboard  MSWT  README-cloudshell.txt
rob_gautham@cloudshell:~ (oct12deployment)$ cd mswt
-bash: cd: mswt: No such file or directory
rob_gautham@cloudshell:~ (oct12deployment)$ cd MSWT
rob_gautham@cloudshell:~/MSWT (oct12deployment)$ npm install
npm WARN deprecated stable@0.1.8: Modern JS already guarantees Array#sort() is a stable sort, so this library is deprecated. See the compatibility table on MDN: https://developer.mozilla.org/en-US/docs/Web/JavaScript/Reference/Global_Objects/Array/sort#browser_compatibility
npm WARN deprecated rollup-plugin-terser@7.0.2: This package has been deprecated and is no longer maintained. Please use @rollup/plugin-terser
npm WARN deprecated w3c-hr-time@1.0.2: Use your platform's native performance.now() and performance.timeOrigin.
npm WARN deprecated sourcemap-codec@1.4.8: Please use @jridgewell/sourcemap-codec instead
npm WARN deprecated workbox-cacheable-response@6.6.0: workbox-background-sync@6.6.0
npm WARN deprecated svgo@1.3.2: This SVGO version is no longer supported. Upgrade to v2.x.x.

added 1594 packages, and audited 1595 packages in 30s

256 packages are looking for funding
  run `npm fund` for details

9 vulnerabilities (3 moderate, 6 high)

To address issues that do not require attention, run:
  npm audit fix

To address all issues (including breaking changes), run:
  npm audit fix --force

Run `npm audit` for details.
rob_gautham@cloudshell:~/MSWT (oct12deployment)$ npm audit fix

changed 2 packages, and audited 1595 packages in 6s

256 packages are looking for funding
  run `npm fund` for details

# npm audit report

nth-check  <2.0.1
Severity: high
Inefficient Regular Expression Complexity in nth-check - https://github.com/advisories/GHSA-rp65-9cf3-cjxr
fix available via `npm audit fix --force`
Will install react-scripts@3.0.1, which is a breaking change
node_modules/svgo/node_modules/nth-check
  css-select  <=3.1.0
  Depends on vulnerable versions of nth-check
  node_modules/svgo/node_modules/css-select
    svgo  1.0.0 - 1.3.2
    Depends on vulnerable versions of css-select
    node_modules/svgo
      @svgr/plugin-svgo  <=5.5.0
      Depends on vulnerable versions of svgo
      node_modules/@svgr/plugin-svgo
        @svgr/webpack  4.0.0 - 5.5.0
        Depends on vulnerable versions of @svgr/plugin-svgo
        node_modules/@svgr/webpack
          react-scripts  >=2.1.4
          Depends on vulnerable versions of @svgr/webpack
          Depends on vulnerable versions of resolve-url-loader
          node_modules/react-scripts

postcss  <8.4.31
Severity: moderate
PostCSS line return parsing error - https://github.com/advisories/GHSA-7fh5-64p2-3v2j
fix available via `npm audit fix --force`
Will install react-scripts@3.0.1, which is a breaking change
node_modules/resolve-url-loader/node_modules/postcss
  resolve-url-loader  0.0.1-experiment-postcss || 3.0.0-alpha.1 - 4.0.0
  Depends on vulnerable versions of postcss
  node_modules/resolve-url-loader

8 vulnerabilities (2 moderate, 6 high)

To address all issues (including breaking changes), run:
  npm audit fix --force
rob_gautham@cloudshell:~/MSWT (oct12deployment)$ npm run build

> mswtesting@0.1.0 build
> react-scripts build

Creating an optimized production build...
One of your dependencies, babel-preset-react-app, is importing the
"@babel/plugin-proposal-private-property-in-object" package without
declaring it in its dependencies. This is currently working because
"@babel/plugin-proposal-private-property-in-object" is already in your
node_modules folder for unrelated reasons, but it may break at any time.

babel-preset-react-app is part of the create-react-app project, which
is not maintianed anymore. It is thus unlikely that this bug will
ever be fixed. Add "@babel/plugin-proposal-private-property-in-object" to
your devDependencies to work around this error. This will make this message
go away.
  
Compiled with warnings.

[eslint] 
src/Stock.js
  Line 5:10:  'error' is assigned a value but never used  no-unused-vars

src/index.js
  Line 4:8:  'App' is defined but never used  no-unused-vars

Search for the keywords to learn more about each warning.
To ignore, add // eslint-disable-next-line to the line before.

File sizes after gzip:

  49.36 kB  build/static/js/main.b432749d.js
  1.78 kB   build/static/js/787.6952c4d0.chunk.js
  264 B     build/static/css/main.e6c13ad2.css

The project was built assuming it is hosted at /.
You can control this with the homepage field in your package.json.

The build folder is ready to be deployed.
You may serve it with a static server:

  npm install -g serve
  serve -s build

Find out more about deployment here:

  https://cra.link/deployment

rob_gautham@cloudshell:~/MSWT (oct12deployment)$ ls
# Serve all static files with url ending with a file extension
build  node_modules  package.json  package-lock.json  public  README.md  src
runtime: nodejs12
rob_gautham@cloudshell:~/MSWT (oct12deployment)$ rm package.json  package-lock.json README.md
rob_gautham@cloudshell:~/MSWT (oct12deployment)$ ls
build  node_modules  public  src
rob_gautham@cloudshell:~/MSWT (oct12deployment)$ rm -r node_modules public src
rob_gautham@cloudshell:~/MSWT (oct12deployment)$ ls
build
rob_gautham@cloudshell:~/MSWT (oct12deployment)$ touch app.yml
rob_gautham@cloudshell:~/MSWT (oct12deployment)$ ls
app.yml  build
rob_gautham@cloudshell:~/MSWT (oct12deployment)$ rm app.yml
rob_gautham@cloudshell:~/MSWT (oct12deployment)$ touch app.yaml
rob_gautham@cloudshell:~/MSWT (oct12deployment)$ vim app.yaml
rob_gautham@cloudshell:~/MSWT (oct12deployment)$ vim app.yaml
rob_gautham@cloudshell:~/MSWT (oct12deployment)$ vim app.yaml
rob_gautham@cloudshell:~/MSWT (oct12deployment)$ gcloud app deploy
Services to deploy:

descriptor:                  [/home/rob_gautham/MSWT/app.yaml]
source:                      [/home/rob_gautham/MSWT]
target project:              [oct12deployment]
target service:              [default]
target version:              [20231012t172200]
target url:                  [https://oct12deployment.uc.r.appspot.com]
target service account:      [oct12deployment@appspot.gserviceaccount.com]


Do you want to continue (Y/n)?  Y

Beginning deployment of service [default]...
Created .gcloudignore file. See `gcloud topic gcloudignore` for details.
Uploading 16 files to Google Cloud Storage
6%
12%
19%
25%
31%
38%
44%
50%
56%
62%
69%
75%
81%
88%
94%
100%
100%
File upload done.
WARNING: Node.js 12 is no longer supported by the Node.js Foundation as of April 2022. We recommend you to upgrade to the latest version of Node.js runtime as soon as possible. For details on upgrading, see https://cloud.google.com/appengine/docs/standard/nodejs/runtime.

Updating service [default]...done.                                                                                   

Updating service [default]...done.                                                                                   
Setting traffic split for service [default]...done.                                                                  
Deployed service [default] to [https://oct12deployment.uc.r.appspot.com]

You can stream logs from the command line by running:
  $ gcloud app logs tail -s default

To view your application in the web browser run:
  $ gcloud app browse
rob_gautham@cloudshell:~/MSWT (oct12deployment)$ gcloud app browse
Did not detect your browser. Go to this link to view your app:
rob_gautham@cloudshell:~/MSWT (oct12deployment)$ https://oct12deployment.uc.r.appspot.com
Deployed